
FAILURE: Build failed with an exception.

* What went wrong:
A problem occurred configuring root project 'SevenDeadlySins'.
> java.nio.file.NoSuchFileException: D:\plugins\7DeadlySins\gradle-8.5\lib\gradle-installation-beacon-8.5.jar

* Try:
> Run with --stacktrace option to get the stack trace.
> Run with --info or --debug option to get more log output.
> Run with --scan to get full insights.
> Get more help at https://help.gradle.org.

BUILD FAILED in 1s
